
> restaurant@0.0.0 build
> tsc -b && vite build

src/App.tsx(14,49): error TS6133: 'completedOnboarding' is declared but its value is never read.
src/Onboarding.tsx(1,8): error TS6133: 'React' is declared but its value is never read.
